#
# There is insufficient memory for the Java Runtime Environment to continue.
# Native memory allocation (malloc) failed to allocate 1744000 bytes. Error detail: Chunk::new
# Possible reasons:
#   The system is out of physical RAM or swap space
#   This process is running with CompressedOops enabled, and the Java Heap may be blocking the growth of the native heap
# Possible solutions:
#   Reduce memory load on the system
#   Increase physical memory or swap space
#   Check if swap backing store is full
#   Decrease Java heap size (-Xmx/-Xms)
#   Decrease number of Java threads
#   Decrease Java thread stack sizes (-Xss)
#   Set larger code cache with -XX:ReservedCodeCacheSize=
#   JVM is running with Unscaled Compressed Oops mode in which the Java heap is
#     placed in the first 4GB address space. The Java Heap base address is the
#     maximum limit for the native heap growth. Please use -XX:HeapBaseMinAddress
#     to set the Java Heap base and to place the Java Heap above 4GB virtual address.
# This output file may be truncated or incomplete.
#
#  Out of Memory Error (arena.cpp:168), pid=18456, tid=17816
#
# JRE version: OpenJDK Runtime Environment Corretto-21.0.5.11.1 (21.0.5+11) (build 21.0.5+11-LTS)
# Java VM: OpenJDK 64-Bit Server VM Corretto-21.0.5.11.1 (21.0.5+11-LTS, mixed mode, sharing, tiered, compressed oops, compressed class ptrs, g1 gc, windows-amd64)
# No core dump will be written. Minidumps are not enabled by default on client versions of Windows
#

---------------  S U M M A R Y ------------

Command Line: -javaagent:C:\Users\ggame\AppData\Local\Programs\IntelliJ IDEA Community Edition\lib\idea_rt.jar=52448:C:\Users\ggame\AppData\Local\Programs\IntelliJ IDEA Community Edition\bin -Dfile.encoding=UTF-8 -Dsun.stdout.encoding=UTF-8 -Dsun.stderr.encoding=UTF-8 school.sptech.i9Application

Host: AMD Ryzen 7 3700U with Radeon Vega Mobile Gfx  , 8 cores, 5G,  Windows 11 , 64 bit Build 26100 (10.0.26100.4768)
Time: Wed Apr  1 13:17:41 2026 Hora oficial do Brasil elapsed time: 144.927229 seconds (0d 0h 2m 24s)

---------------  T H R E A D  ---------------

Current thread (0x000001cfdb9bb5f0):  JavaThread "C2 CompilerThread0" daemon [_thread_in_native, id=17816, stack(0x000000778a400000,0x000000778a500000) (1024K)]


Current CompileTask:
C2:144927 3577       4       org.springframework.boot.context.properties.source.ConfigurationPropertyName$ElementsParser::parse (234 bytes)

Stack: [0x000000778a400000,0x000000778a500000]
Native frames: (J=compiled Java code, j=interpreted, Vv=VM code, C=native code)
V  [jvm.dll+0x6d9b69]
V  [jvm.dll+0x8b6073]
V  [jvm.dll+0x8b83ce]
V  [jvm.dll+0x8b8ab3]
V  [jvm.dll+0x286226]
V  [jvm.dll+0xc65ed]
V  [jvm.dll+0xc6b23]
V  [jvm.dll+0x3c04cb]
V  [jvm.dll+0x38c167]
V  [jvm.dll+0x38b5da]
V  [jvm.dll+0x24e5c2]
V  [jvm.dll+0x24db91]
V  [jvm.dll+0x1cc3c4]
V  [jvm.dll+0x25d249]
V  [jvm.dll+0x25b7fb]
V  [jvm.dll+0x3fab46]
V  [jvm.dll+0x85ed68]
V  [jvm.dll+0x6d836d]
C  [ucrtbase.dll+0x37b0]
C  [KERNEL32.DLL+0x2e8d7]
C  [ntdll.dll+0x3c34c]


---------------  P R O C E S S  ---------------

Threads class SMR info:
_java_thread_list=0x000001d021789450, length=13, elements={
0x000001cfbd579760, 0x000001cfdb99f1a0, 0x000001cfdb9a2b20, 0x000001cfdb9ac180,
0x000001cfdb9adf40, 0x000001cfdb9b03d0, 0x000001cfdb9b1b40, 0x000001cfdb9bb5f0,
0x000001cfdb9dc090, 0x000001cfdbbcea80, 0x000001d0214e6680, 0x000001d02157cf40,
0x000001cfdbbd8130
}

Java Threads: ( => current thread )
  0x000001cfbd579760 JavaThread "main"                              [_thread_in_vm, id=4880, stack(0x0000007789600000,0x0000007789700000) (1024K)]
  0x000001cfdb99f1a0 JavaThread "Reference Handler"          daemon [_thread_blocked, id=7608, stack(0x0000007789e00000,0x0000007789f00000) (1024K)]
  0x000001cfdb9a2b20 JavaThread "Finalizer"                  daemon [_thread_blocked, id=18152, stack(0x0000007789f00000,0x000000778a000000) (1024K)]
  0x000001cfdb9ac180 JavaThread "Signal Dispatcher"          daemon [_thread_blocked, id=23352, stack(0x000000778a000000,0x000000778a100000) (1024K)]
  0x000001cfdb9adf40 JavaThread "Attach Listener"            daemon [_thread_blocked, id=26052, stack(0x000000778a100000,0x000000778a200000) (1024K)]
  0x000001cfdb9b03d0 JavaThread "Service Thread"             daemon [_thread_blocked, id=25776, stack(0x000000778a200000,0x000000778a300000) (1024K)]
  0x000001cfdb9b1b40 JavaThread "Monitor Deflation Thread"   daemon [_thread_blocked, id=18600, stack(0x000000778a300000,0x000000778a400000) (1024K)]
=>0x000001cfdb9bb5f0 JavaThread "C2 CompilerThread0"         daemon [_thread_in_native, id=17816, stack(0x000000778a400000,0x000000778a500000) (1024K)]
  0x000001cfdb9dc090 JavaThread "C1 CompilerThread0"         daemon [_thread_blocked, id=1812, stack(0x000000778a500000,0x000000778a600000) (1024K)]
  0x000001cfdbbcea80 JavaThread "Common-Cleaner"             daemon [_thread_blocked, id=11980, stack(0x000000778a600000,0x000000778a700000) (1024K)]
  0x000001d0214e6680 JavaThread "Monitor Ctrl-Break"         daemon [_thread_in_native, id=20364, stack(0x000000778a700000,0x000000778a800000) (1024K)]
  0x000001d02157cf40 JavaThread "Notification Thread"        daemon [_thread_blocked, id=23992, stack(0x000000778a800000,0x000000778a900000) (1024K)]
  0x000001cfdbbd8130 JavaThread "C2 CompilerThread1"         daemon [_thread_in_vm, id=13700, stack(0x0000007789500000,0x0000007789600000) (1024K)]
Total: 13

Other Threads:
  0x000001cfdb986150 VMThread "VM Thread"                           [id=352, stack(0x0000007789d00000,0x0000007789e00000) (1024K)]
  0x000001cfdb9731a0 WatcherThread "VM Periodic Task Thread"        [id=14788, stack(0x0000007789c00000,0x0000007789d00000) (1024K)]
  0x000001cfbdaa99c0 WorkerThread "GC Thread#0"                     [id=11492, stack(0x0000007789700000,0x0000007789800000) (1024K)]
  0x000001d021876510 WorkerThread "GC Thread#1"                     [id=20168, stack(0x000000778a900000,0x000000778aa00000) (1024K)]
  0x000001d0217c41b0 WorkerThread "GC Thread#2"                     [id=19984, stack(0x000000778aa00000,0x000000778ab00000) (1024K)]
  0x000001d0217c4550 WorkerThread "GC Thread#3"                     [id=18696, stack(0x000000778ab00000,0x000000778ac00000) (1024K)]
  0x000001d021841840 WorkerThread "GC Thread#4"                     [id=11868, stack(0x000000778ac00000,0x000000778ad00000) (1024K)]
  0x000001d021908620 WorkerThread "GC Thread#5"                     [id=25580, stack(0x000000778ad00000,0x000000778ae00000) (1024K)]
  0x000001d0219089c0 WorkerThread "GC Thread#6"                     [id=11852, stack(0x000000778ae00000,0x000000778af00000) (1024K)]
  0x000001d021908d60 WorkerThread "GC Thread#7"                     [id=10584, stack(0x000000778af00000,0x000000778b000000) (1024K)]
  0x000001cfbdab6620 ConcurrentGCThread "G1 Main Marker"            [id=9116, stack(0x0000007789800000,0x0000007789900000) (1024K)]
  0x000001cfbdab7fa0 WorkerThread "G1 Conc#0"                       [id=20476, stack(0x0000007789900000,0x0000007789a00000) (1024K)]
  0x000001d021907ee0 WorkerThread "G1 Conc#1"                       [id=25712, stack(0x0000007789400000,0x0000007789500000) (1024K)]
  0x000001cfdb8450f0 ConcurrentGCThread "G1 Refine#0"               [id=20964, stack(0x0000007789a00000,0x0000007789b00000) (1024K)]
  0x000001cfdb846920 ConcurrentGCThread "G1 Service"                [id=24236, stack(0x0000007789b00000,0x0000007789c00000) (1024K)]
Total: 15

Threads with active compile tasks:
C2 CompilerThread0  145007 3577       4       org.springframework.boot.context.properties.source.ConfigurationPropertyName$ElementsParser::parse (234 bytes)
C1 CompilerThread0  145007 3718       3       org.springframework.boot.autoconfigure.condition.OnWebApplicationCondition::getOutcome (138 bytes)
C2 CompilerThread1  145007 3717       4       org.springframework.boot.context.properties.source.ConfigurationPropertyName::elementsOf (147 bytes)
Total: 3

VM state: not at safepoint (normal execution)

VM Mutex/Monitor currently owned by a thread: None

Heap address: 0x00000000a1c00000, size: 1508 MB, Compressed Oops mode: 32-bit

CDS archive(s) mapped at: [0x000001cfdc000000-0x000001cfdcc80000-0x000001cfdcc80000), size 13107200, SharedBaseAddress: 0x000001cfdc000000, ArchiveRelocationMode: 1.
Compressed class space mapped at: 0x000001cfdd000000-0x000001d01d000000, reserved size: 1073741824
Narrow klass base: 0x000001cfdc000000, Narrow klass shift: 0, Narrow klass range: 0x100000000

GC Precious Log:
 CardTable entry size: 512
 Card Set container configuration: InlinePtr #cards 5 size 8 Array Of Cards #cards 12 size 40 Howl #buckets 4 coarsen threshold 1843 Howl Bitmap #cards 512 size 80 coarsen threshold 460 Card regions per heap region 1 cards per card region 2048
 CPUs: 8 total, 8 available
 Memory: 6030M
 Large Page Support: Disabled
 NUMA Support: Disabled
 Compressed Oops: Enabled (32-bit)
 Heap Region Size: 1M
 Heap Min Capacity: 8M
 Heap Initial Capacity: 96M
 Heap Max Capacity: 1508M
 Pre-touch: Disabled
 Parallel Workers: 8
 Concurrent Workers: 2
 Concurrent Refinement Workers: 8
 Periodic GC: Disabled

Heap:
 garbage-first heap   total 92160K, used 28177K [0x00000000a1c00000, 0x0000000100000000)
  region size 1024K, 10 young (10240K), 2 survivors (2048K)
 Metaspace       used 26605K, committed 27008K, reserved 1114112K
  class space    used 3291K, committed 3456K, reserved 1048576K

Heap Regions: E=young(eden), S=young(survivor), O=old, HS=humongous(starts), HC=humongous(continues), CS=collection set, F=free, TAMS=top-at-mark-start, PB=parsable bottom
|   0|0x00000000a1c00000, 0x00000000a1d00000, 0x00000000a1d00000|100%|HS|  |TAMS 0x00000000a1c00000| PB 0x00000000a1c00000| Complete 
|   1|0x00000000a1d00000, 0x00000000a1e00000, 0x00000000a1e00000|100%|HS|  |TAMS 0x00000000a1d00000| PB 0x00000000a1d00000| Complete 
|   2|0x00000000a1e00000, 0x00000000a1f00000, 0x00000000a1f00000|100%| O|  |TAMS 0x00000000a1e00000| PB 0x00000000a1e00000| Untracked 
|   3|0x00000000a1f00000, 0x00000000a2000000, 0x00000000a2000000|100%| O|  |TAMS 0x00000000a1f00000| PB 0x00000000a1f00000| Untracked 
|   4|0x00000000a2000000, 0x00000000a2100000, 0x00000000a2100000|100%| O|  |TAMS 0x00000000a2000000| PB 0x00000000a2000000| Untracked 
|   5|0x00000000a2100000, 0x00000000a2200000, 0x00000000a2200000|100%| O|  |TAMS 0x00000000a2100000| PB 0x00000000a2100000| Untracked 
|   6|0x00000000a2200000, 0x00000000a2300000, 0x00000000a2300000|100%| O|  |TAMS 0x00000000a2200000| PB 0x00000000a2200000| Untracked 
|   7|0x00000000a2300000, 0x00000000a2400000, 0x00000000a2400000|100%| O|  |TAMS 0x00000000a2300000| PB 0x00000000a2300000| Untracked 
|   8|0x00000000a2400000, 0x00000000a2500000, 0x00000000a2500000|100%| O|  |TAMS 0x00000000a2400000| PB 0x00000000a2400000| Untracked 
|   9|0x00000000a2500000, 0x00000000a2600000, 0x00000000a2600000|100%| O|  |TAMS 0x00000000a2500000| PB 0x00000000a2500000| Untracked 
|  10|0x00000000a2600000, 0x00000000a2700000, 0x00000000a2700000|100%| O|  |TAMS 0x00000000a2600000| PB 0x00000000a2600000| Untracked 
|  11|0x00000000a2700000, 0x00000000a2800000, 0x00000000a2800000|100%| O|  |TAMS 0x00000000a2700000| PB 0x00000000a2700000| Untracked 
|  12|0x00000000a2800000, 0x00000000a2900000, 0x00000000a2900000|100%| O|  |TAMS 0x00000000a2800000| PB 0x00000000a2800000| Untracked 
|  13|0x00000000a2900000, 0x00000000a2a00000, 0x00000000a2a00000|100%| O|  |TAMS 0x00000000a2900000| PB 0x00000000a2900000| Untracked 
|  14|0x00000000a2a00000, 0x00000000a2b00000, 0x00000000a2b00000|100%| O|  |TAMS 0x00000000a2a00000| PB 0x00000000a2a00000| Untracked 
|  15|0x00000000a2b00000, 0x00000000a2c00000, 0x00000000a2c00000|100%| O|  |TAMS 0x00000000a2b00000| PB 0x00000000a2b00000| Untracked 
|  16|0x00000000a2c00000, 0x00000000a2d00000, 0x00000000a2d00000|100%| O|  |TAMS 0x00000000a2c00000| PB 0x00000000a2c00000| Untracked 
|  17|0x00000000a2d00000, 0x00000000a2e00000, 0x00000000a2e00000|100%| O|  |TAMS 0x00000000a2d00000| PB 0x00000000a2d00000| Untracked 
|  18|0x00000000a2e00000, 0x00000000a2e846a0, 0x00000000a2f00000| 51%| O|  |TAMS 0x00000000a2e00000| PB 0x00000000a2e00000| Untracked 
|  19|0x00000000a2f00000, 0x00000000a2f00000, 0x00000000a3000000|  0%| F|  |TAMS 0x00000000a2f00000| PB 0x00000000a2f00000| Untracked 
|  20|0x00000000a3000000, 0x00000000a3000000, 0x00000000a3100000|  0%| F|  |TAMS 0x00000000a3000000| PB 0x00000000a3000000| Untracked 
|  21|0x00000000a3100000, 0x00000000a3100000, 0x00000000a3200000|  0%| F|  |TAMS 0x00000000a3100000| PB 0x00000000a3100000| Untracked 
|  22|0x00000000a3200000, 0x00000000a3200000, 0x00000000a3300000|  0%| F|  |TAMS 0x00000000a3200000| PB 0x00000000a3200000| Untracked 
|  23|0x00000000a3300000, 0x00000000a3300000, 0x00000000a3400000|  0%| F|  |TAMS 0x00000000a3300000| PB 0x00000000a3300000| Untracked 
|  24|0x00000000a3400000, 0x00000000a3400000, 0x00000000a3500000|  0%| F|  |TAMS 0x00000000a3400000| PB 0x00000000a3400000| Untracked 
|  25|0x00000000a3500000, 0x00000000a3500000, 0x00000000a3600000|  0%| F|  |TAMS 0x00000000a3500000| PB 0x00000000a3500000| Untracked 
|  26|0x00000000a3600000, 0x00000000a3600000, 0x00000000a3700000|  0%| F|  |TAMS 0x00000000a3600000| PB 0x00000000a3600000| Untracked 
|  27|0x00000000a3700000, 0x00000000a3700000, 0x00000000a3800000|  0%| F|  |TAMS 0x00000000a3700000| PB 0x00000000a3700000| Untracked 
|  28|0x00000000a3800000, 0x00000000a3800000, 0x00000000a3900000|  0%| F|  |TAMS 0x00000000a3800000| PB 0x00000000a3800000| Untracked 
|  29|0x00000000a3900000, 0x00000000a3900000, 0x00000000a3a00000|  0%| F|  |TAMS 0x00000000a3900000| PB 0x00000000a3900000| Untracked 
|  30|0x00000000a3a00000, 0x00000000a3a00000, 0x00000000a3b00000|  0%| F|  |TAMS 0x00000000a3a00000| PB 0x00000000a3a00000| Untracked 
|  31|0x00000000a3b00000, 0x00000000a3b00000, 0x00000000a3c00000|  0%| F|  |TAMS 0x00000000a3b00000| PB 0x00000000a3b00000| Untracked 
|  32|0x00000000a3c00000, 0x00000000a3c00000, 0x00000000a3d00000|  0%| F|  |TAMS 0x00000000a3c00000| PB 0x00000000a3c00000| Untracked 
|  33|0x00000000a3d00000, 0x00000000a3d00000, 0x00000000a3e00000|  0%| F|  |TAMS 0x00000000a3d00000| PB 0x00000000a3d00000| Untracked 
|  34|0x00000000a3e00000, 0x00000000a3e00000, 0x00000000a3f00000|  0%| F|  |TAMS 0x00000000a3e00000| PB 0x00000000a3e00000| Untracked 
|  35|0x00000000a3f00000, 0x00000000a3f00000, 0x00000000a4000000|  0%| F|  |TAMS 0x00000000a3f00000| PB 0x00000000a3f00000| Untracked 
|  36|0x00000000a4000000, 0x00000000a4000000, 0x00000000a4100000|  0%| F|  |TAMS 0x00000000a4000000| PB 0x00000000a4000000| Untracked 
|  37|0x00000000a4100000, 0x00000000a4100000, 0x00000000a4200000|  0%| F|  |TAMS 0x00000000a4100000| PB 0x00000000a4100000| Untracked 
|  38|0x00000000a4200000, 0x00000000a4200000, 0x00000000a4300000|  0%| F|  |TAMS 0x00000000a4200000| PB 0x00000000a4200000| Untracked 
|  39|0x00000000a4300000, 0x00000000a4300000, 0x00000000a4400000|  0%| F|  |TAMS 0x00000000a4300000| PB 0x00000000a4300000| Untracked 
|  40|0x00000000a4400000, 0x00000000a4400000, 0x00000000a4500000|  0%| F|  |TAMS 0x00000000a4400000| PB 0x00000000a4400000| Untracked 
|  41|0x00000000a4500000, 0x00000000a4500000, 0x00000000a4600000|  0%| F|  |TAMS 0x00000000a4500000| PB 0x00000000a4500000| Untracked 
|  42|0x00000000a4600000, 0x00000000a4600000, 0x00000000a4700000|  0%| F|  |TAMS 0x00000000a4600000| PB 0x00000000a4600000| Untracked 
|  43|0x00000000a4700000, 0x00000000a4700000, 0x00000000a4800000|  0%| F|  |TAMS 0x00000000a4700000| PB 0x00000000a4700000| Untracked 
|  44|0x00000000a4800000, 0x00000000a4800000, 0x00000000a4900000|  0%| F|  |TAMS 0x00000000a4800000| PB 0x00000000a4800000| Untracked 
|  45|0x00000000a4900000, 0x00000000a4900000, 0x00000000a4a00000|  0%| F|  |TAMS 0x00000000a4900000| PB 0x00000000a4900000| Untracked 
|  46|0x00000000a4a00000, 0x00000000a4a00000, 0x00000000a4b00000|  0%| F|  |TAMS 0x00000000a4a00000| PB 0x00000000a4a00000| Untracked 
|  47|0x00000000a4b00000, 0x00000000a4b00000, 0x00000000a4c00000|  0%| F|  |TAMS 0x00000000a4b00000| PB 0x00000000a4b00000| Untracked 
|  48|0x00000000a4c00000, 0x00000000a4c00000, 0x00000000a4d00000|  0%| F|  |TAMS 0x00000000a4c00000| PB 0x00000000a4c00000| Untracked 
|  49|0x00000000a4d00000, 0x00000000a4d00000, 0x00000000a4e00000|  0%| F|  |TAMS 0x00000000a4d00000| PB 0x00000000a4d00000| Untracked 
|  50|0x00000000a4e00000, 0x00000000a4e00000, 0x00000000a4f00000|  0%| F|  |TAMS 0x00000000a4e00000| PB 0x00000000a4e00000| Untracked 
|  51|0x00000000a4f00000, 0x00000000a4f00000, 0x00000000a5000000|  0%| F|  |TAMS 0x00000000a4f00000| PB 0x00000000a4f00000| Untracked 
|  52|0x00000000a5000000, 0x00000000a5000000, 0x00000000a5100000|  0%| F|  |TAMS 0x00000000a5000000| PB 0x00000000a5000000| Untracked 
|  53|0x00000000a5100000, 0x00000000a5100000, 0x00000000a5200000|  0%| F|  |TAMS 0x00000000a5100000| PB 0x00000000a5100000| Untracked 
|  54|0x00000000a5200000, 0x00000000a5200000, 0x00000000a5300000|  0%| F|  |TAMS 0x00000000a5200000| PB 0x00000000a5200000| Untracked 
|  55|0x00000000a5300000, 0x00000000a5300000, 0x00000000a5400000|  0%| F|  |TAMS 0x00000000a5300000| PB 0x00000000a5300000| Untracked 
|  56|0x00000000a5400000, 0x00000000a5400000, 0x00000000a5500000|  0%| F|  |TAMS 0x00000000a5400000| PB 0x00000000a5400000| Untracked 
|  57|0x00000000a5500000, 0x00000000a5500000, 0x00000000a5600000|  0%| F|  |TAMS 0x00000000a5500000| PB 0x00000000a5500000| Untracked 
|  58|0x00000000a5600000, 0x00000000a5600000, 0x00000000a5700000|  0%| F|  |TAMS 0x00000000a5600000| PB 0x00000000a5600000| Untracked 
|  59|0x00000000a5700000, 0x00000000a5700000, 0x00000000a5800000|  0%| F|  |TAMS 0x00000000a5700000| PB 0x00000000a5700000| Untracked 
|  60|0x00000000a5800000, 0x00000000a5800000, 0x00000000a5900000|  0%| F|  |TAMS 0x00000000a5800000| PB 0x00000000a5800000| Untracked 
|  61|0x00000000a5900000, 0x00000000a5900000, 0x00000000a5a00000|  0%| F|  |TAMS 0x00000000a5900000| PB 0x00000000a5900000| Untracked 
|  62|0x00000000a5a00000, 0x00000000a5a00000, 0x00000000a5b00000|  0%| F|  |TAMS 0x00000000a5a00000| PB 0x00000000a5a00000| Untracked 
|  63|0x00000000a5b00000, 0x00000000a5b00000, 0x00000000a5c00000|  0%| F|  |TAMS 0x00000000a5b00000| PB 0x00000000a5b00000| Untracked 
|  64|0x00000000a5c00000, 0x00000000a5c00000, 0x00000000a5d00000|  0%| F|  |TAMS 0x00000000a5c00000| PB 0x00000000a5c00000| Untracked 
|  65|0x00000000a5d00000, 0x00000000a5d00000, 0x00000000a5e00000|  0%| F|  |TAMS 0x00000000a5d00000| PB 0x00000000a5d00000| Untracked 
|  66|0x00000000a5e00000, 0x00000000a5e00000, 0x00000000a5f00000|  0%| F|  |TAMS 0x00000000a5e00000| PB 0x00000000a5e00000| Untracked 
|  67|0x00000000a5f00000, 0x00000000a5f00000, 0x00000000a6000000|  0%| F|  |TAMS 0x00000000a5f00000| PB 0x00000000a5f00000| Untracked 
|  68|0x00000000a6000000, 0x00000000a6000000, 0x00000000a6100000|  0%| F|  |TAMS 0x00000000a6000000| PB 0x00000000a6000000| Untracked 
|  69|0x00000000a6100000, 0x00000000a6100000, 0x00000000a6200000|  0%| F|  |TAMS 0x00000000a6100000| PB 0x00000000a6100000| Untracked 
|  70|0x00000000a6200000, 0x00000000a6200000, 0x00000000a6300000|  0%| F|  |TAMS 0x00000000a6200000| PB 0x00000000a6200000| Untracked 
|  71|0x00000000a6300000, 0x00000000a6300000, 0x00000000a6400000|  0%| F|  |TAMS 0x00000000a6300000| PB 0x00000000a6300000| Untracked 
|  72|0x00000000a6400000, 0x00000000a6400000, 0x00000000a6500000|  0%| F|  |TAMS 0x00000000a6400000| PB 0x00000000a6400000| Untracked 
|  73|0x00000000a6500000, 0x00000000a6500000, 0x00000000a6600000|  0%| F|  |TAMS 0x00000000a6500000| PB 0x00000000a6500000| Untracked 
|  74|0x00000000a6600000, 0x00000000a6600000, 0x00000000a6700000|  0%| F|  |TAMS 0x00000000a6600000| PB 0x00000000a6600000| Untracked 
|  75|0x00000000a6700000, 0x00000000a6700000, 0x00000000a6800000|  0%| F|  |TAMS 0x00000000a6700000| PB 0x00000000a6700000| Untracked 
|  76|0x00000000a6800000, 0x00000000a6800000, 0x00000000a6900000|  0%| F|  |TAMS 0x00000000a6800000| PB 0x00000000a6800000| Untracked 
|  77|0x00000000a6900000, 0x00000000a6900000, 0x00000000a6a00000|  0%| F|  |TAMS 0x00000000a6900000| PB 0x00000000a6900000| Untracked 
|  78|0x00000000a6a00000, 0x00000000a6b00000, 0x00000000a6b00000|100%| S|CS|TAMS 0x00000000a6a00000| PB 0x00000000a6a00000| Complete 
|  79|0x00000000a6b00000, 0x00000000a6c00000, 0x00000000a6c00000|100%| S|CS|TAMS 0x00000000a6b00000| PB 0x00000000a6b00000| Complete 
|  80|0x00000000a6c00000, 0x00000000a6c00000, 0x00000000a6d00000|  0%| F|  |TAMS 0x00000000a6c00000| PB 0x00000000a6c00000| Untracked 
|  81|0x00000000a6d00000, 0x00000000a6d00000, 0x00000000a6e00000|  0%| F|  |TAMS 0x00000000a6d00000| PB 0x00000000a6d00000| Untracked 
|  82|0x00000000a6e00000, 0x00000000a6e8dd80, 0x00000000a6f00000| 55%| E|  |TAMS 0x00000000a6e00000| PB 0x00000000a6e00000| Complete 
|  83|0x00000000a6f00000, 0x00000000a7000000, 0x00000000a7000000|100%| E|CS|TAMS 0x00000000a6f00000| PB 0x00000000a6f00000| Complete 
|  84|0x00000000a7000000, 0x00000000a7100000, 0x00000000a7100000|100%| E|CS|TAMS 0x00000000a7000000| PB 0x00000000a7000000| Complete 
|  85|0x00000000a7100000, 0x00000000a7200000, 0x00000000a7200000|100%| E|CS|TAMS 0x00000000a7100000| PB 0x00000000a7100000| Complete 
|  86|0x00000000a7200000, 0x00000000a7300000, 0x00000000a7300000|100%| E|CS|TAMS 0x00000000a7200000| PB 0x00000000a7200000| Complete 
|  87|0x00000000a7300000, 0x00000000a7400000, 0x00000000a7400000|100%| E|CS|TAMS 0x00000000a7300000| PB 0x00000000a7300000| Complete 
|  93|0x00000000a7900000, 0x00000000a7a00000, 0x00000000a7a00000|100%| E|CS|TAMS 0x00000000a7900000| PB 0x00000000a7900000| Complete 
|  95|0x00000000a7b00000, 0x00000000a7c00000, 0x00000000a7c00000|100%| E|CS|TAMS 0x00000000a7b00000| PB 0x00000000a7b00000| Complete 

Card table byte_map: [0x000001cfd7490000,0x000001cfd7790000] _byte_map_base: 0x000001cfd6f82000

Marking Bits: (CMBitMap*) 0x000001cfbdaaa0c0
 Bits: [0x000001cfd7790000, 0x000001cfd8f20000)

Polling page: 0x000001cfbdb10000

Metaspace:

Usage:
  Non-class:     22.77 MB used.
      Class:      3.22 MB used.
       Both:     25.99 MB used.

Virtual space:
  Non-class space:       64.00 MB reserved,      23.00 MB ( 36%) committed,  1 nodes.
      Class space:        1.00 GB reserved,       3.44 MB ( <1%) committed,  1 nodes.
             Both:        1.06 GB reserved,      26.44 MB (  2%) committed. 

Chunk freelists:
   Non-Class:  8.09 MB
       Class:  12.61 MB
        Both:  20.70 MB

MaxMetaspaceSize: unlimited
CompressedClassSpaceSize: 1.00 GB
Initial GC threshold: 21.00 MB
Current GC threshold: 35.12 MB
CDS: on
 - commit_granule_bytes: 65536.
 - commit_granule_words: 8192.
 - virtual_space_node_default_size: 8388608.
 - enlarge_chunks_in_place: 1.
 - use_allocation_guard: 0.


Internal statistics:

num_allocs_failed_limit: 3.
num_arena_births: 452.
num_arena_deaths: 0.
num_vsnodes_births: 2.
num_vsnodes_deaths: 0.
num_space_committed: 423.
num_space_uncommitted: 0.
num_chunks_returned_to_freelist: 3.
num_chunks_taken_from_freelist: 1389.
num_chunk_merges: 3.
num_chunk_splits: 952.
num_chunks_enlarged: 686.
num_inconsistent_stats: 0.

CodeHeap 'non-profiled nmethods': size=120000Kb used=1770Kb max_used=1770Kb free=118229Kb
 bounds [0x000001cfcf200000, 0x000001cfcf470000, 0x000001cfd6730000]
CodeHeap 'profiled nmethods': size=120000Kb used=7246Kb max_used=7246Kb free=112753Kb
 bounds [0x000001cfc7730000, 0x000001cfc7e50000, 0x000001cfcec60000]
CodeHeap 'non-nmethods': size=5760Kb used=1486Kb max_used=1517Kb free=4273Kb
 bounds [0x000001cfcec60000, 0x000001cfceed0000, 0x000001cfcf200000]
 total_blobs=4284 nmethods=3718 adapters=470
 compilation: enabled
              stopped_count=0, restarted_count=0
 full_count=0

Compilation events (20 events):
Event: 143.899 Thread 0x000001cfdb9dc090 3665       3       org.springframework.boot.autoconfigure.condition.FilteringSpringBootCondition::match (119 bytes)
Event: 143.900 Thread 0x000001cfdb9dc090 nmethod 3665 0x000001cfc7e18610 code [0x000001cfc7e18880, 0x000001cfc7e193d0]
Event: 143.900 Thread 0x000001cfdb9dc090 3666       3       org.springframework.boot.autoconfigure.condition.ConditionEvaluationReport::find (17 bytes)
Event: 143.900 Thread 0x000001cfdb9dc090 nmethod 3666 0x000001cfc7e19790 code [0x000001cfc7e19960, 0x000001cfc7e19cf8]
Event: 143.900 Thread 0x000001cfdb9dc090 3667       3       sun.net.www.protocol.jar.JarFileFactory::urlFor (79 bytes)
Event: 143.901 Thread 0x000001cfdb9dc090 nmethod 3667 0x000001cfc7e19d90 code [0x000001cfc7e1a020, 0x000001cfc7e1a920]
Event: 143.901 Thread 0x000001cfdb9dc090 3668       3       java.lang.reflect.Constructor::copy (72 bytes)
Event: 143.901 Thread 0x000001cfdb9dc090 nmethod 3668 0x000001cfc7e1ad10 code [0x000001cfc7e1aee0, 0x000001cfc7e1b288]
Event: 143.902 Thread 0x000001cfdb9dc090 3669       3       java.lang.reflect.Constructor::<init> (50 bytes)
Event: 143.902 Thread 0x000001cfdb9dc090 nmethod 3669 0x000001cfc7e1b390 code [0x000001cfc7e1b560, 0x000001cfc7e1b9d0]
Event: 143.902 Thread 0x000001cfdb9dc090 3670       3       java.lang.Class::getConstructor0 (83 bytes)
Event: 143.903 Thread 0x000001cfdb9dc090 nmethod 3670 0x000001cfc7e1bb10 code [0x000001cfc7e1bda0, 0x000001cfc7e1c818]
Event: 143.904 Thread 0x000001cfdb9dc090 3671       3       org.springframework.core.type.classreading.SimpleAnnotationMetadata::<init> (56 bytes)
Event: 143.904 Thread 0x000001cfdb9dc090 nmethod 3671 0x000001cfc7e1cd10 code [0x000001cfc7e1cee0, 0x000001cfc7e1d2f0]
Event: 143.904 Thread 0x000001cfdb9dc090 3673       3       java.util.Collections$UnmodifiableSet::<init> (6 bytes)
Event: 143.905 Thread 0x000001cfdb9dc090 nmethod 3673 0x000001cfc7e1d410 code [0x000001cfc7e1d5e0, 0x000001cfc7e1d8f8]
Event: 143.905 Thread 0x000001cfdb9dc090 3672       3       java.util.Collections::unmodifiableSet (22 bytes)
Event: 143.905 Thread 0x000001cfdb9dc090 nmethod 3672 0x000001cfc7e1da10 code [0x000001cfc7e1dc00, 0x000001cfc7e1e0f0]
Event: 143.908 Thread 0x000001cfdb9dc090 3674       3       java.lang.Boolean::hashCode (14 bytes)
Event: 143.908 Thread 0x000001cfdb9dc090 nmethod 3674 0x000001cfc7e1e290 code [0x000001cfc7e1e440, 0x000001cfc7e1e5a0]

GC Heap History (20 events):
Event: 124.340 GC heap before
{Heap before GC invocations=6 (full 0):
 garbage-first heap   total 58368K, used 17358K [0x00000000a1c00000, 0x0000000100000000)
  region size 1024K, 2 young (2048K), 1 survivors (1024K)
 Metaspace       used 21358K, committed 21760K, reserved 1114112K
  class space    used 2737K, committed 2880K, reserved 1048576K
}
Event: 124.342 GC heap after
{Heap after GC invocations=7 (full 0):
 garbage-first heap   total 58368K, used 16288K [0x00000000a1c00000, 0x0000000100000000)
  region size 1024K, 1 young (1024K), 1 survivors (1024K)
 Metaspace       used 21358K, committed 21760K, reserved 1114112K
  class space    used 2737K, committed 2880K, reserved 1048576K
}
Event: 124.408 GC heap before
{Heap before GC invocations=7 (full 0):
 garbage-first heap   total 58368K, used 16288K [0x00000000a1c00000, 0x0000000100000000)
  region size 1024K, 2 young (2048K), 1 survivors (1024K)
 Metaspace       used 21612K, committed 22016K, reserved 1114112K
  class space    used 2771K, committed 2944K, reserved 1048576K
}
Event: 124.411 GC heap after
{Heap after GC invocations=8 (full 0):
 garbage-first heap   total 58368K, used 16121K [0x00000000a1c00000, 0x0000000100000000)
  region size 1024K, 1 young (1024K), 1 survivors (1024K)
 Metaspace       used 21612K, committed 22016K, reserved 1114112K
  class space    used 2771K, committed 2944K, reserved 1048576K
}
Event: 124.514 GC heap before
{Heap before GC invocations=8 (full 0):
 garbage-first heap   total 58368K, used 17145K [0x00000000a1c00000, 0x0000000100000000)
  region size 1024K, 2 young (2048K), 1 survivors (1024K)
 Metaspace       used 21923K, committed 22400K, reserved 1114112K
  class space    used 2820K, committed 3072K, reserved 1048576K
}
Event: 124.517 GC heap after
{Heap after GC invocations=9 (full 0):
 garbage-first heap   total 92160K, used 16170K [0x00000000a1c00000, 0x0000000100000000)
  region size 1024K, 1 young (1024K), 1 survivors (1024K)
 Metaspace       used 21923K, committed 22400K, reserved 1114112K
  class space    used 2820K, committed 3072K, reserved 1048576K
}
Event: 125.167 GC heap before
{Heap before GC invocations=9 (full 0):
 garbage-first heap   total 92160K, used 19242K [0x00000000a1c00000, 0x0000000100000000)
  region size 1024K, 4 young (4096K), 1 survivors (1024K)
 Metaspace       used 22421K, committed 22848K, reserved 1114112K
  class space    used 2862K, committed 3072K, reserved 1048576K
}
Event: 125.170 GC heap after
{Heap after GC invocations=10 (full 0):
 garbage-first heap   total 92160K, used 16374K [0x00000000a1c00000, 0x0000000100000000)
  region size 1024K, 1 young (1024K), 1 survivors (1024K)
 Metaspace       used 22421K, committed 22848K, reserved 1114112K
  class space    used 2862K, committed 3072K, reserved 1048576K
}
Event: 125.691 GC heap before
{Heap before GC invocations=10 (full 0):
 garbage-first heap   total 92160K, used 19446K [0x00000000a1c00000, 0x0000000100000000)
  region size 1024K, 4 young (4096K), 1 survivors (1024K)
 Metaspace       used 22794K, committed 23232K, reserved 1114112K
  class space    used 2927K, committed 3136K, reserved 1048576K
}
Event: 125.695 GC heap after
{Heap after GC invocations=11 (full 0):
 garbage-first heap   total 92160K, used 16877K [0x00000000a1c00000, 0x0000000100000000)
  region size 1024K, 1 young (1024K), 1 survivors (1024K)
 Metaspace       used 22794K, committed 23232K, reserved 1114112K
  class space    used 2927K, committed 3136K, reserved 1048576K
}
Event: 137.393 GC heap before
{Heap before GC invocations=11 (full 0):
 garbage-first heap   total 92160K, used 19949K [0x00000000a1c00000, 0x0000000100000000)
  region size 1024K, 4 young (4096K), 1 survivors (1024K)
 Metaspace       used 22925K, committed 23360K, reserved 1114112K
  class space    used 2938K, committed 3136K, reserved 1048576K
}
Event: 137.399 GC heap after
{Heap after GC invocations=12 (full 0):
 garbage-first heap   total 92160K, used 17569K [0x00000000a1c00000, 0x0000000100000000)
  region size 1024K, 1 young (1024K), 1 survivors (1024K)
 Metaspace       used 22925K, committed 23360K, reserved 1114112K
  class space    used 2938K, committed 3136K, reserved 1048576K
}
Event: 140.014 GC heap before
{Heap before GC invocations=12 (full 0):
 garbage-first heap   total 92160K, used 20641K [0x00000000a1c00000, 0x0000000100000000)
  region size 1024K, 4 young (4096K), 1 survivors (1024K)
 Metaspace       used 23129K, committed 23552K, reserved 1114112K
  class space    used 2963K, committed 3136K, reserved 1048576K
}
Event: 140.018 GC heap after
{Heap after GC invocations=13 (full 0):
 garbage-first heap   total 92160K, used 18267K [0x00000000a1c00000, 0x0000000100000000)
  region size 1024K, 1 young (1024K), 1 survivors (1024K)
 Metaspace       used 23129K, committed 23552K, reserved 1114112K
  class space    used 2963K, committed 3136K, reserved 1048576K
}
Event: 140.160 GC heap before
{Heap before GC invocations=13 (full 0):
 garbage-first heap   total 92160K, used 22363K [0x00000000a1c00000, 0x0000000100000000)
  region size 1024K, 6 young (6144K), 1 survivors (1024K)
 Metaspace       used 23325K, committed 23744K, reserved 1114112K
  class space    used 2976K, committed 3200K, reserved 1048576K
}
Event: 140.163 GC heap after
{Heap after GC invocations=14 (full 0):
 garbage-first heap   total 92160K, used 18898K [0x00000000a1c00000, 0x0000000100000000)
  region size 1024K, 1 young (1024K), 1 survivors (1024K)
 Metaspace       used 23325K, committed 23744K, reserved 1114112K
  class space    used 2976K, committed 3200K, reserved 1048576K
}
Event: 140.351 GC heap before
{Heap before GC invocations=14 (full 0):
 garbage-first heap   total 92160K, used 25042K [0x00000000a1c00000, 0x0000000100000000)
  region size 1024K, 8 young (8192K), 1 survivors (1024K)
 Metaspace       used 24416K, committed 24832K, reserved 1114112K
  class space    used 3058K, committed 3264K, reserved 1048576K
}
Event: 140.354 GC heap after
{Heap after GC invocations=15 (full 0):
 garbage-first heap   total 92160K, used 19887K [0x00000000a1c00000, 0x0000000100000000)
  region size 1024K, 1 young (1024K), 1 survivors (1024K)
 Metaspace       used 24416K, committed 24832K, reserved 1114112K
  class space    used 3058K, committed 3264K, reserved 1048576K
}
Event: 140.686 GC heap before
{Heap before GC invocations=15 (full 0):
 garbage-first heap   total 92160K, used 28079K [0x00000000a1c00000, 0x0000000100000000)
  region size 1024K, 10 young (10240K), 1 survivors (1024K)
 Metaspace       used 25700K, committed 26112K, reserved 1114112K
  class space    used 3186K, committed 3392K, reserved 1048576K
}
Event: 140.690 GC heap after
{Heap after GC invocations=16 (full 0):
 garbage-first heap   total 92160K, used 21009K [0x00000000a1c00000, 0x0000000100000000)
  region size 1024K, 2 young (2048K), 2 survivors (2048K)
 Metaspace       used 25700K, committed 26112K, reserved 1114112K
  class space    used 3186K, committed 3392K, reserved 1048576K
}

Dll operation events (11 events):
Event: 0.025 Loaded shared library C:\Users\ggame\.jdks\corretto-21.0.5\bin\java.dll
Event: 0.068 Loaded shared library C:\Users\ggame\.jdks\corretto-21.0.5\bin\jsvml.dll
Event: 0.528 Loaded shared library C:\Users\ggame\.jdks\corretto-21.0.5\bin\zip.dll
Event: 0.539 Loaded shared library C:\Users\ggame\.jdks\corretto-21.0.5\bin\instrument.dll
Event: 0.554 Loaded shared library C:\Users\ggame\.jdks\corretto-21.0.5\bin\net.dll
Event: 0.559 Loaded shared library C:\Users\ggame\.jdks\corretto-21.0.5\bin\nio.dll
Event: 0.567 Loaded shared library C:\Users\ggame\.jdks\corretto-21.0.5\bin\zip.dll
Event: 1.668 Loaded shared library C:\Users\ggame\.jdks\corretto-21.0.5\bin\jimage.dll
Event: 22.930 Loaded shared library C:\Users\ggame\AppData\Local\Programs\IntelliJ IDEA Community Edition\bin\breakgen64.dll
Event: 22.968 Loaded shared library C:\Users\ggame\.jdks\corretto-21.0.5\bin\extnet.dll
Event: 27.320 Loaded shared library C:\Users\ggame\.jdks\corretto-21.0.5\bin\sunmscapi.dll

Deoptimization events (20 events):
Event: 140.565 Thread 0x000001cfbd579760 DEOPT PACKING pc=0x000001cfcf34d7a8 sp=0x00000077896fd850
Event: 140.565 Thread 0x000001cfbd579760 DEOPT UNPACKING pc=0x000001cfcecb46a2 sp=0x00000077896fd638 mode 2
Event: 143.856 Thread 0x000001cfbd579760 DEOPT PACKING pc=0x000001cfc7d7e25a sp=0x00000077896fc5d0
Event: 143.856 Thread 0x000001cfbd579760 DEOPT UNPACKING pc=0x000001cfcecb4e42 sp=0x00000077896fba60 mode 0
Event: 143.862 Thread 0x000001cfbd579760 Uncommon trap: trap_request=0xffffffde fr.pc=0x000001cfcf28f4e4 relative=0x0000000000000184
Event: 143.862 Thread 0x000001cfbd579760 Uncommon trap: reason=class_check action=maybe_recompile pc=0x000001cfcf28f4e4 method=org.springframework.boot.context.properties.source.ConfigurationPropertyName$Elements.charAt(II)C @ 43 c2
Event: 143.862 Thread 0x000001cfbd579760 DEOPT PACKING pc=0x000001cfcf28f4e4 sp=0x00000077896fd680
Event: 143.862 Thread 0x000001cfbd579760 DEOPT UNPACKING pc=0x000001cfcecb46a2 sp=0x00000077896fd5f8 mode 2
Event: 143.862 Thread 0x000001cfbd579760 Uncommon trap: trap_request=0xffffffde fr.pc=0x000001cfcf28f4e4 relative=0x0000000000000184
Event: 143.862 Thread 0x000001cfbd579760 Uncommon trap: reason=class_check action=maybe_recompile pc=0x000001cfcf28f4e4 method=org.springframework.boot.context.properties.source.ConfigurationPropertyName$Elements.charAt(II)C @ 43 c2
Event: 143.862 Thread 0x000001cfbd579760 DEOPT PACKING pc=0x000001cfcf28f4e4 sp=0x00000077896fd680
Event: 143.862 Thread 0x000001cfbd579760 DEOPT UNPACKING pc=0x000001cfcecb46a2 sp=0x00000077896fd5f8 mode 2
Event: 143.865 Thread 0x000001cfbd579760 Uncommon trap: trap_request=0xffffffde fr.pc=0x000001cfcf28f4e4 relative=0x0000000000000184
Event: 143.865 Thread 0x000001cfbd579760 Uncommon trap: reason=class_check action=maybe_recompile pc=0x000001cfcf28f4e4 method=org.springframework.boot.context.properties.source.ConfigurationPropertyName$Elements.charAt(II)C @ 43 c2
Event: 143.865 Thread 0x000001cfbd579760 DEOPT PACKING pc=0x000001cfcf28f4e4 sp=0x00000077896fd680
Event: 143.865 Thread 0x000001cfbd579760 DEOPT UNPACKING pc=0x000001cfcecb46a2 sp=0x00000077896fd5f8 mode 2
Event: 143.867 Thread 0x000001cfbd579760 Uncommon trap: trap_request=0xffffffde fr.pc=0x000001cfcf28f4e4 relative=0x0000000000000184
Event: 143.867 Thread 0x000001cfbd579760 Uncommon trap: reason=class_check action=maybe_recompile pc=0x000001cfcf28f4e4 method=org.springframework.boot.context.properties.source.ConfigurationPropertyName$Elements.charAt(II)C @ 43 c2
Event: 143.867 Thread 0x000001cfbd579760 DEOPT PACKING pc=0x000001cfcf28f4e4 sp=0x00000077896fd680
Event: 143.867 Thread 0x000001cfbd579760 DEOPT UNPACKING pc=0x000001cfcecb46a2 sp=0x00000077896fd5f8 mode 2

Classes loaded (20 events):
Event: 124.771 Loading class sun/nio/ch/SelChImpl done
Event: 124.772 Loading class java/nio/channels/SocketChannel
Event: 124.772 Loading class java/nio/channels/NetworkChannel
Event: 124.772 Loading class java/nio/channels/NetworkChannel done
Event: 124.772 Loading class java/nio/channels/spi/AbstractSelectableChannel
Event: 124.773 Loading class java/nio/channels/SelectableChannel
Event: 124.773 Loading class java/nio/channels/SelectableChannel done
Event: 124.773 Loading class java/nio/channels/spi/AbstractSelectableChannel done
Event: 124.773 Loading class java/nio/channels/SocketChannel done
Event: 124.773 Loading class sun/nio/ch/SocketChannelImpl done
Event: 124.773 Loading class sun/nio/ch/ChannelInputStream
Event: 124.773 Loading class sun/nio/ch/ChannelInputStream done
Event: 124.779 Loading class sun/nio/ch/IOStatus
Event: 124.779 Loading class sun/nio/ch/IOStatus done
Event: 140.293 Loading class javax/naming/ldap/LdapContext
Event: 140.294 Loading class javax/naming/directory/DirContext
Event: 140.294 Loading class javax/naming/directory/DirContext done
Event: 140.294 Loading class javax/naming/ldap/LdapContext done
Event: 140.355 Loading class javax/naming/Referenceable
Event: 140.355 Loading class javax/naming/Referenceable done

Classes unloaded (0 events):
No events

Classes redefined (0 events):
No events

Internal exceptions (20 events):
Event: 27.695 Thread 0x000001cfbd579760 Exception <a 'java/lang/NoSuchMethodError'{0x00000000a5afc438}: method resolution failed> (0x00000000a5afc438) 
thrown [s\src\hotspot\share\prims\methodHandles.cpp, line 1144]
Event: 28.043 Thread 0x000001cfbd579760 Exception <a 'java/lang/NoSuchMethodError'{0x00000000a56144c0}: 'java.lang.Object java.lang.invoke.DirectMethodHandle$Holder.newInvokeSpecial(java.lang.Object, java.lang.Object, int, java.lang.Object)'> (0x00000000a56144c0) 
thrown [s\src\hotspot\share\interpreter\linkResolver.cpp, line 773]
Event: 28.045 Thread 0x000001cfbd579760 Exception <a 'java/lang/NoSuchMethodError'{0x00000000a5618578}: 'int java.lang.invoke.DirectMethodHandle$Holder.invokeSpecial(java.lang.Object, java.lang.Object, java.lang.Object, int)'> (0x00000000a5618578) 
thrown [s\src\hotspot\share\interpreter\linkResolver.cpp, line 773]
Event: 28.047 Thread 0x000001cfbd579760 Exception <a 'java/lang/NoSuchMethodError'{0x00000000a562a750}: 'java.lang.Object java.lang.invoke.DirectMethodHandle$Holder.invokeStatic(java.lang.Object, java.lang.Object, java.lang.Object, java.lang.Object, int)'> (0x00000000a562a750) 
thrown [s\src\hotspot\share\interpreter\linkResolver.cpp, line 773]
Event: 61.430 Thread 0x000001cfbd579760 Exception <a 'java/lang/NoSuchMethodError'{0x00000000a533ac90}: 'java.lang.Object java.lang.invoke.DirectMethodHandle$Holder.invokeStaticInit(java.lang.Object, java.lang.Object, java.lang.Object, java.lang.Object, java.lang.Object, java.lang.Object, java.lang.Object)'> (0x00000000a533ac90) 
thrown [s\src\hotspot\share\interpreter\linkResolver.cpp, line 773]
Event: 61.434 Thread 0x000001cfbd579760 Exception <a 'java/lang/NoSuchMethodError'{0x00000000a5342af8}: 'java.lang.Object java.lang.invoke.Invokers$Holder.invoke_MT(java.lang.Object, java.lang.Object, java.lang.Object, java.lang.Object, java.lang.Object, java.lang.Object, java.lang.Object, java.lang.Object, java.lang.Object)'> (0x00000000a5342af8) 
thrown [s\src\hotspot\share\interpreter\linkResolver.cpp, line 773]
Event: 61.450 Thread 0x000001cfbd579760 Exception <a 'java/lang/NoSuchMethodError'{0x00000000a53615e8}: 'int java.lang.invoke.DirectMethodHandle$Holder.invokeVirtual(java.lang.Object, java.lang.Object, java.lang.Object)'> (0x00000000a53615e8) 
thrown [s\src\hotspot\share\interpreter\linkResolver.cpp, line 773]
Event: 61.451 Thread 0x000001cfbd579760 Exception <a 'java/lang/NoSuchMethodError'{0x00000000a53657e8}: 'int java.lang.invoke.DirectMethodHandle$Holder.invokeStaticInit(java.lang.Object, int, int)'> (0x00000000a53657e8) 
thrown [s\src\hotspot\share\interpreter\linkResolver.cpp, line 773]
Event: 61.453 Thread 0x000001cfbd579760 Exception <a 'java/lang/NoSuchMethodError'{0x00000000a536ceb0}: 'int java.lang.invoke.DirectMethodHandle$Holder.invokeStaticInit(java.lang.Object, long, long)'> (0x00000000a536ceb0) 
thrown [s\src\hotspot\share\interpreter\linkResolver.cpp, line 773]
Event: 61.455 Thread 0x000001cfbd579760 Exception <a 'java/lang/NoSuchMethodError'{0x00000000a53739e8}: 'int java.lang.invoke.DirectMethodHandle$Holder.invokeStaticInit(java.lang.Object, float, float)'> (0x00000000a53739e8) 
thrown [s\src\hotspot\share\interpreter\linkResolver.cpp, line 773]
Event: 61.457 Thread 0x000001cfbd579760 Exception <a 'java/lang/NoSuchMethodError'{0x00000000a537a378}: 'int java.lang.invoke.DirectMethodHandle$Holder.invokeStaticInit(java.lang.Object, double, double)'> (0x00000000a537a378) 
thrown [s\src\hotspot\share\interpreter\linkResolver.cpp, line 773]
Event: 61.458 Thread 0x000001cfbd579760 Exception <a 'java/lang/NoSuchMethodError'{0x00000000a537e770}: 'int java.lang.invoke.DirectMethodHandle$Holder.invokeStatic(java.lang.Object, long)'> (0x00000000a537e770) 
thrown [s\src\hotspot\share\interpreter\linkResolver.cpp, line 773]
Event: 61.463 Thread 0x000001cfbd579760 Exception <a 'java/lang/NoSuchMethodError'{0x00000000a538ef80}: 'int java.lang.invoke.DirectMethodHandle$Holder.invokeSpecial(java.lang.Object, java.lang.Object, int)'> (0x00000000a538ef80) 
thrown [s\src\hotspot\share\interpreter\linkResolver.cpp, line 773]
Event: 61.468 Thread 0x000001cfbd579760 Exception <a 'java/lang/NoSuchMethodError'{0x00000000a53a3638}: 'int java.lang.invoke.Invokers$Holder.linkToTargetMethod(java.lang.Object, java.lang.Object)'> (0x00000000a53a3638) 
thrown [s\src\hotspot\share\interpreter\linkResolver.cpp, line 773]
Event: 123.379 Thread 0x000001cfbd579760 Exception <a 'java/lang/NoSuchMethodError'{0x00000000a7b69828}: 'int java.lang.invoke.DirectMethodHandle$Holder.invokeStatic(java.lang.Object, java.lang.Object, java.lang.Object, java.lang.Object, java.lang.Object)'> (0x00000000a7b69828) 
thrown [s\src\hotspot\share\interpreter\linkResolver.cpp, line 773]
Event: 123.789 Thread 0x000001cfbd579760 Exception <a 'java/lang/NoSuchMethodError'{0x00000000a7b22050}: 'void java.lang.invoke.DirectMethodHandle$Holder.invokeSpecial(java.lang.Object, java.lang.Object, java.lang.Object, java.lang.Object, java.lang.Object, java.lang.Object)'> (0x00000000a7b22050) 
thrown [s\src\hotspot\share\interpreter\linkResolver.cpp, line 773]
Event: 124.477 Thread 0x000001cfbd579760 Exception <a 'java/lang/NoSuchMethodError'{0x00000000a7bb6640}: 'int java.lang.invoke.DirectMethodHandle$Holder.invokeSpecial(java.lang.Object, java.lang.Object, java.lang.Object, java.lang.Object, java.lang.Object)'> (0x00000000a7bb6640) 
thrown [s\src\hotspot\share\interpreter\linkResolver.cpp, line 773]
Event: 124.486 Thread 0x000001cfbd579760 Exception <a 'java/lang/NoSuchMethodError'{0x00000000a7bbf030}: 'void java.lang.invoke.DirectMethodHandle$Holder.invokeVirtual(java.lang.Object, java.lang.Object)'> (0x00000000a7bbf030) 
thrown [s\src\hotspot\share\interpreter\linkResolver.cpp, line 773]
Event: 140.220 Thread 0x000001cfbd579760 Exception <a 'java/lang/IncompatibleClassChangeError'{0x00000000a797d020}: Found class java.lang.Object, but interface was expected> (0x00000000a797d020) 
thrown [s\src\hotspot\share\interpreter\linkResolver.cpp, line 840]
Event: 140.443 Thread 0x000001cfbd579760 Exception <a 'java/lang/IncompatibleClassChangeError'{0x00000000a7224e40}: Found class java.lang.Object, but interface was expected> (0x00000000a7224e40) 
thrown [s\src\hotspot\share\interpreter\linkResolver.cpp, line 840]

ZGC Phase Switch (0 events):
No events

VM Operations (20 events):
Event: 137.393 Executing VM operation: G1CollectForAllocation (G1 Evacuation Pause)
Event: 137.399 Executing VM operation: G1CollectForAllocation (G1 Evacuation Pause) done
Event: 139.404 Executing VM operation: Cleanup
Event: 139.405 Executing VM operation: Cleanup done
Event: 140.014 Executing VM operation: G1CollectForAllocation (G1 Evacuation Pause)
Event: 140.018 Executing VM operation: G1CollectForAllocation (G1 Evacuation Pause) done
Event: 140.160 Executing VM operation: G1CollectForAllocation (G1 Evacuation Pause)
Event: 140.163 Executing VM operation: G1CollectForAllocation (G1 Evacuation Pause) done
Event: 140.350 Executing VM operation: G1CollectForAllocation (G1 Evacuation Pause)
Event: 140.350 Executing VM operation: G1CollectForAllocation (G1 Evacuation Pause) done
Event: 140.350 Executing VM operation: G1CollectForAllocation (GCLocker Initiated GC)
Event: 140.354 Executing VM operation: G1CollectForAllocation (GCLocker Initiated GC) done
Event: 140.455 Executing VM operation: HandshakeAllThreads (Deoptimize)
Event: 140.455 Executing VM operation: HandshakeAllThreads (Deoptimize) done
Event: 140.686 Executing VM operation: G1CollectForAllocation (G1 Evacuation Pause)
Event: 140.690 Executing VM operation: G1CollectForAllocation (G1 Evacuation Pause) done
Event: 141.694 Executing VM operation: Cleanup
Event: 141.694 Executing VM operation: Cleanup done
Event: 144.718 Executing VM operation: Cleanup
Event: 144.719 Executing VM operation: Cleanup done

Memory protections (0 events):
No events

Nmethod flushes (0 events):
No events

Events (20 events):
Event: 29.618 Thread 0x000001cfbd579760 Thread added: 0x000001d02250a9e0
Event: 30.475 Thread 0x000001d02250b070 Thread exited: 0x000001d02250b070
Event: 30.475 Thread 0x000001d02250a9e0 Thread exited: 0x000001d02250a9e0
Event: 30.489 Thread 0x000001cfbd579760 Thread added: 0x000001d02250bd90
Event: 30.489 Thread 0x000001cfbd579760 Thread added: 0x000001d02250c420
Event: 42.704 Thread 0x000001d02250bd90 Thread exited: 0x000001d02250bd90
Event: 42.704 Thread 0x000001d02250c420 Thread exited: 0x000001d02250c420
Event: 43.372 Thread 0x000001cfbd579760 Thread added: 0x000001d022508fa0
Event: 43.372 Thread 0x000001cfbd579760 Thread added: 0x000001d02250a350
Event: 59.597 Thread 0x000001d02250a350 Thread exited: 0x000001d02250a350
Event: 59.673 Thread 0x000001d022508fa0 Thread exited: 0x000001d022508fa0
Event: 60.553 Thread 0x000001cfbd579760 Thread added: 0x000001d02250b700
Event: 60.554 Thread 0x000001cfbd579760 Thread added: 0x000001d022509630
Event: 61.261 Thread 0x000001d022509630 Thread exited: 0x000001d022509630
Event: 61.261 Thread 0x000001d02250b700 Thread exited: 0x000001d02250b700
Event: 61.337 Thread 0x000001cfdb9dc090 Thread added: 0x000001d022e23280
Event: 61.462 Thread 0x000001d022e23280 Thread exited: 0x000001d022e23280
Event: 140.066 Thread 0x000001cfdb9bb5f0 Thread added: 0x000001cfdbbd8130
Event: 140.249 Thread 0x000001cfbd579760 Thread added: 0x000001cfdbbfdeb0
Event: 140.422 Thread 0x000001cfdbbfdeb0 Thread exited: 0x000001cfdbbfdeb0


Dynamic libraries:
0x00007ff729520000 - 0x00007ff72952e000 	C:\Users\ggame\.jdks\corretto-21.0.5\bin\java.exe
0x00007ffa74980000 - 0x00007ffa74be7000 	C:\WINDOWS\SYSTEM32\ntdll.dll
0x00007ffa74010000 - 0x00007ffa740d9000 	C:\WINDOWS\System32\KERNEL32.DLL
0x00007ffa72190000 - 0x00007ffa72580000 	C:\WINDOWS\System32\KERNELBASE.dll
0x00007ffa71eb0000 - 0x00007ffa71ffb000 	C:\WINDOWS\System32\ucrtbase.dll
0x00007ffa63d20000 - 0x00007ffa63d3b000 	C:\Users\ggame\.jdks\corretto-21.0.5\bin\VCRUNTIME140.dll
0x00007ffa63b10000 - 0x00007ffa63b28000 	C:\Users\ggame\.jdks\corretto-21.0.5\bin\jli.dll
0x00007ffa72790000 - 0x00007ffa72955000 	C:\WINDOWS\System32\USER32.dll
0x00007ffa72160000 - 0x00007ffa72187000 	C:\WINDOWS\System32\win32u.dll
0x00007ffa5aa60000 - 0x00007ffa5acfa000 	C:\WINDOWS\WinSxS\amd64_microsoft.windows.common-controls_6595b64144ccf1df_6.0.26100.4768_none_3e0c112ce331287c\COMCTL32.dll
0x00007ffa738d0000 - 0x00007ffa738fb000 	C:\WINDOWS\System32\GDI32.dll
0x00007ffa73d70000 - 0x00007ffa73e19000 	C:\WINDOWS\System32\msvcrt.dll
0x00007ffa71d70000 - 0x00007ffa71ea8000 	C:\WINDOWS\System32\gdi32full.dll
0x00007ffa71b40000 - 0x00007ffa71be3000 	C:\WINDOWS\System32\msvcp_win.dll
0x00007ffa73900000 - 0x00007ffa7392f000 	C:\WINDOWS\System32\IMM32.DLL
0x00007ffa63f70000 - 0x00007ffa63f7c000 	C:\Users\ggame\.jdks\corretto-21.0.5\bin\vcruntime140_1.dll
0x00007ffa1ee00000 - 0x00007ffa1ee8d000 	C:\Users\ggame\.jdks\corretto-21.0.5\bin\msvcp140.dll
0x00007ff9cf7d0000 - 0x00007ff9d056d000 	C:\Users\ggame\.jdks\corretto-21.0.5\bin\server\jvm.dll
0x00007ffa72f30000 - 0x00007ffa72fe4000 	C:\WINDOWS\System32\ADVAPI32.dll
0x00007ffa72960000 - 0x00007ffa72a06000 	C:\WINDOWS\System32\sechost.dll
0x00007ffa737a0000 - 0x00007ffa738b8000 	C:\WINDOWS\System32\RPCRT4.dll
0x00007ffa73f90000 - 0x00007ffa74004000 	C:\WINDOWS\System32\WS2_32.dll
0x00007ffa6f0d0000 - 0x00007ffa6f105000 	C:\WINDOWS\SYSTEM32\WINMM.dll
0x00007ffa69b60000 - 0x00007ffa69b6b000 	C:\WINDOWS\SYSTEM32\VERSION.dll
0x00007ffa71910000 - 0x00007ffa7196e000 	C:\WINDOWS\SYSTEM32\POWRPROF.dll
0x00007ffa718f0000 - 0x00007ffa71904000 	C:\WINDOWS\SYSTEM32\UMPDC.dll
0x00007ffa70750000 - 0x00007ffa7076b000 	C:\WINDOWS\SYSTEM32\kernel.appcore.dll
0x00007ffa63af0000 - 0x00007ffa63afa000 	C:\Users\ggame\.jdks\corretto-21.0.5\bin\jimage.dll
0x00007ffa6ebe0000 - 0x00007ffa6ee21000 	C:\WINDOWS\SYSTEM32\DBGHELP.DLL
0x00007ffa74240000 - 0x00007ffa745c5000 	C:\WINDOWS\System32\combase.dll
0x00007ffa747b0000 - 0x00007ffa74890000 	C:\WINDOWS\System32\OLEAUT32.dll
0x00007ffa6ef40000 - 0x00007ffa6ef83000 	C:\WINDOWS\SYSTEM32\dbgcore.DLL
0x00007ffa720c0000 - 0x00007ffa72159000 	C:\WINDOWS\System32\bcryptPrimitives.dll
0x00007ffa62fc0000 - 0x00007ffa62fce000 	C:\Users\ggame\.jdks\corretto-21.0.5\bin\instrument.dll
0x00007ffa61300000 - 0x00007ffa6131f000 	C:\Users\ggame\.jdks\corretto-21.0.5\bin\java.dll
0x00007ffa72ff0000 - 0x00007ffa7373d000 	C:\WINDOWS\System32\SHELL32.dll
0x00007ffa71bf0000 - 0x00007ffa71d63000 	C:\WINDOWS\System32\wintypes.dll
0x00007ffa6f670000 - 0x00007ffa6fed0000 	C:\WINDOWS\SYSTEM32\windows.storage.dll
0x00007ffa73940000 - 0x00007ffa73a35000 	C:\WINDOWS\System32\SHCORE.dll
0x00007ffa748a0000 - 0x00007ffa7490a000 	C:\WINDOWS\System32\shlwapi.dll
0x00007ffa719d0000 - 0x00007ffa719f9000 	C:\WINDOWS\SYSTEM32\profapi.dll
0x00007ffa12b50000 - 0x00007ffa12c27000 	C:\Users\ggame\.jdks\corretto-21.0.5\bin\jsvml.dll
0x00007ffa45680000 - 0x00007ffa45698000 	C:\Users\ggame\.jdks\corretto-21.0.5\bin\zip.dll
0x00007ffa63ae0000 - 0x00007ffa63af0000 	C:\Users\ggame\.jdks\corretto-21.0.5\bin\net.dll
0x00007ffa6a040000 - 0x00007ffa6a15e000 	C:\WINDOWS\SYSTEM32\WINHTTP.dll
0x00007ffa70d60000 - 0x00007ffa70dcb000 	C:\WINDOWS\system32\mswsock.dll
0x00007ffa4a120000 - 0x00007ffa4a136000 	C:\Users\ggame\.jdks\corretto-21.0.5\bin\nio.dll
0x00007ffa65100000 - 0x00007ffa6511a000 	C:\Users\ggame\AppData\Local\Programs\IntelliJ IDEA Community Edition\bin\breakgen64.dll
0x00007ffa55970000 - 0x00007ffa55979000 	C:\Users\ggame\.jdks\corretto-21.0.5\bin\extnet.dll
0x00007ffa5a300000 - 0x00007ffa5a30e000 	C:\Users\ggame\.jdks\corretto-21.0.5\bin\sunmscapi.dll
0x00007ffa72590000 - 0x00007ffa72707000 	C:\WINDOWS\System32\CRYPT32.dll
0x00007ffa712a0000 - 0x00007ffa712d0000 	C:\WINDOWS\SYSTEM32\ncrypt.dll
0x00007ffa71250000 - 0x00007ffa7128f000 	C:\WINDOWS\SYSTEM32\NTASN1.dll

dbghelp: loaded successfully - version: 4.0.5 - missing functions: none
symbol engine: initialized successfully - sym options: 0x614 - pdb path: .;C:\Users\ggame\.jdks\corretto-21.0.5\bin;C:\WINDOWS\SYSTEM32;C:\WINDOWS\WinSxS\amd64_microsoft.windows.common-controls_6595b64144ccf1df_6.0.26100.4768_none_3e0c112ce331287c;C:\Users\ggame\.jdks\corretto-21.0.5\bin\server;C:\Users\ggame\AppData\Local\Programs\IntelliJ IDEA Community Edition\bin

VM Arguments:
jvm_args: -javaagent:C:\Users\ggame\AppData\Local\Programs\IntelliJ IDEA Community Edition\lib\idea_rt.jar=52448:C:\Users\ggame\AppData\Local\Programs\IntelliJ IDEA Community Edition\bin -Dfile.encoding=UTF-8 -Dsun.stdout.encoding=UTF-8 -Dsun.stderr.encoding=UTF-8 
java_command: school.sptech.i9Application
java_class_path (initial): C:\Users\ggame\SPTech\4º Semestre\i9 Tech\i9-server\estoque-de-produtos-crud\target\classes;C:\Users\ggame\.m2\repository\org\springframework\boot\spring-boot-starter-data-jpa\3.4.4\spring-boot-starter-data-jpa-3.4.4.jar;C:\Users\ggame\.m2\repository\org\springframework\boot\spring-boot-starter\3.4.4\spring-boot-starter-3.4.4.jar;C:\Users\ggame\.m2\repository\org\springframework\boot\spring-boot-autoconfigure\3.4.4\spring-boot-autoconfigure-3.4.4.jar;C:\Users\ggame\.m2\repository\org\springframework\boot\spring-boot-starter-logging\3.4.4\spring-boot-starter-logging-3.4.4.jar;C:\Users\ggame\.m2\repository\ch\qos\logback\logback-classic\1.5.18\logback-classic-1.5.18.jar;C:\Users\ggame\.m2\repository\ch\qos\logback\logback-core\1.5.18\logback-core-1.5.18.jar;C:\Users\ggame\.m2\repository\org\apache\logging\log4j\log4j-to-slf4j\2.24.3\log4j-to-slf4j-2.24.3.jar;C:\Users\ggame\.m2\repository\org\apache\logging\log4j\log4j-api\2.24.3\log4j-api-2.24.3.jar;C:\Users\ggame\.m2\repository\org\slf4j\jul-to-slf4j\2.0.17\jul-to-slf4j-2.0.17.jar;C:\Users\ggame\.m2\repository\jakarta\annotation\jakarta.annotation-api\2.1.1\jakarta.annotation-api-2.1.1.jar;C:\Users\ggame\.m2\repository\org\yaml\snakeyaml\2.3\snakeyaml-2.3.jar;C:\Users\ggame\.m2\repository\org\springframework\boot\spring-boot-starter-jdbc\3.4.4\spring-boot-starter-jdbc-3.4.4.jar;C:\Users\ggame\.m2\repository\com\zaxxer\HikariCP\5.1.0\HikariCP-5.1.0.jar;C:\Users\ggame\.m2\repository\org\springframework\spring-jdbc\6.2.5\spring-jdbc-6.2.5.jar;C:\Users\ggame\.m2\repository\org\hibernate\orm\hibernate-core\6.6.11.Final\hibernate-core-6.6.11.Final.jar;C:\Users\ggame\.m2\repository\jakarta\persistence\jakarta.persistence-api\3.1.0\jakarta.persistence-api-3.1.0.jar;C:\Users\ggame\.m2\repository\jakarta\transaction\jakarta.transaction-api\2.0.1\jakarta.transaction-api-2.0.1.jar;C:\Users\ggame\.m2\repository\org\jboss\logging\jboss-logging\3.6.1.Final\jboss-logging-3.6.1.Final.jar;C:\Users\ggame\.m2\repository\org\hibernate\common\hibernate-commons-annotations\7.0.3.Final\hibernate-commons-annotations-7.0.3.Final.jar;C:\Users\ggame\.m2\repository\io\smallrye\jandex\3.2.0\jandex-3.2.0.jar;C:\Users\ggame\.m2\repository\com\fasterxml\classmate\1.7.0\classmate-1.7.0.jar;C:\Users\ggame\.m2\repository\net\bytebuddy\byte-buddy\1.15.11\byte-buddy-1.15.11.jar;C:\Users\ggame\.m2\repository\org\glassfish\jaxb\jaxb-runtime\4.0.5\jaxb-runtime-4.0.5.jar;C:\Users\ggame\.m2\repository\org\glassfish\jaxb\jaxb-core\4.0.5\jaxb-core-4.0.5.jar;C:\Users\ggame\.m2\repository\org\glassfish\jaxb\txw2\4.0.5\txw2-4.0.5.jar;C:\Users\ggame\.m2\repository\com\sun\istack\istack-commons-runtime\4.1.2\istack-commons-runtime-4.1.2.jar;C:\Users\ggame\.m2\repository\jakarta\inject\jakarta.inject-api\2.0.1\jakarta.inject-api-2.0.1.jar;C:\Users\ggame\.m2\repository\org\antlr\antlr4-runtime\4.13.0\antlr4-runtime-4.13.0.jar;C:\Users\ggame\.m2\repository\org\springframework\data\spring-data-jpa\3.4.4\spring-data-jpa-3.4.4.jar;C:\Users\ggame\.m2\repository\org\springframework\data\spring-data-commons\3.4.4\spring-data-commons-3.4.4.jar;C:\Users\ggame\.m2\repository\org\springframework\spring-orm\6.2.5\spring-orm-6.2.5.jar;C:\Users\ggame\.m2\repository\org\springframework\spring-context\6.2.5\spring-context-6.2.5.jar;C:\Users\ggame\.m2\repository\org\springframework\spring-tx\6.2.5\spring-tx-6.2.5.jar;C:\Users\ggame\.m2\repository\org\springframework\spring-beans\6.2.5\spring-beans-6.2.5.jar;C:\Users\ggame\.m2\repository\org\springframework\spring-aspects\6.2.5\spring-aspects-6.2.5.jar;C:\Users\ggame\.m2\repository\org\aspectj\aspectjweaver\1.9.23\aspectjweaver-1.9.23.jar;C:\Users\ggame\.m2\repository\org\springframework\boot\spring-boot-starter-web\3.4.4\spring-boot-starter-web-3.4.4.jar;C:\Users\ggame\.m2\repository\org\springframework\boot\spring-boot-starter-json\3.4.4\spring-boot-starter-json-3.4.4.jar;C:\Users\ggame\.m2\repository\com\fasterxml\jackson\datatype\jackson-datatype-jdk8\2.18.3\jackson-datatype-jdk8-2.18.3.jar;C:\Users\ggame\.m2\repository\org\springframework\boot\spring-boot-starter-tomcat\3.4.4\spring-boot-starter-tomcat-3.4.4.jar;C:\Users\ggame\.m2\repository\org\apache\tomcat\embed\tomcat-embed-core\10.1.39\tomcat-embed-core-10.1.39.jar;C:\Users\ggame\.m2\repository\org\apache\tomcat\embed\tomcat-embed-websocket\10.1.39\tomcat-embed-websocket-10.1.39.jar;C:\Users\ggame\.m2\repository\org\springframework\spring-web\6.2.5\spring-web-6.2.5.jar;C:\Users\ggame\.m2\repository\org\springframework\spring-webmvc\6.2.5\spring-webmvc-6.2.5.jar;C:\Users\ggame\.m2\repository\org\springframework\spring-expression\6.2.5\spring-expression-6.2.5.jar;C:\Users\ggame\.m2\repository\org\springframework\boot\spring-boot-docker-compose\3.4.4\spring-boot-docker-compose-3.4.4.jar;C:\Users\ggame\.m2\repository\org\springframework\boot\spring-boot\3.4.4\spring-boot-3.4.4.jar;C:\Users\ggame\.m2\repository\com\fasterxml\jackson\core\jackson-databind\2.18.3\jackson-databind-2.18.3.jar;C:\Users\ggame\.m2\repository\com\fasterxml\jackson\module\jackson-module-parameter-names\2.18.3\jackson-module-parameter-names-2.18.3.jar;C:\Users\ggame\.m2\repository\org\springframework\boot\spring-boot-starter-amqp\3.4.4\spring-boot-starter-amqp-3.4.4.jar;C:\Users\ggame\.m2\repository\org\springframework\spring-messaging\6.2.5\spring-messaging-6.2.5.jar;C:\Users\ggame\.m2\repository\org\springframework\amqp\spring-rabbit\3.2.4\spring-rabbit-3.2.4.jar;C:\Users\ggame\.m2\repository\org\springframework\amqp\spring-amqp\3.2.4\spring-amqp-3.2.4.jar;C:\Users\ggame\.m2\repository\org\springframework\retry\spring-retry\2.0.11\spring-retry-2.0.11.jar;C:\Users\ggame\.m2\repository\com\rabbitmq\amqp-client\5.22.0\amqp-client-5.22.0.jar;C:\Users\ggame\.m2\repository\com\h2database\h2\2.3.232\h2-2.3.232.jar;C:\Users\ggame\.m2\repository\jakarta\xml\bind\jakarta.xml.bind-api\4.0.2\jakarta.xml.bind-api-4.0.2.jar;C:\Users\ggame\.m2\repository\jakarta\activation\jakarta.activation-api\2.1.3\jakarta.activation-api-2.1.3.jar;C:\Users\ggame\.m2\repository\org\springframework\spring-core\6.2.5\spring-core-6.2.5.jar;C:\Users\ggame\.m2\repository\org\springframework\spring-jcl\6.2.5\spring-jcl-6.2.5.jar;C:\Users\ggame\.m2\repository\org\springframework\boot\spring-boot-starter-validation\3.4.4\spring-boot-starter-validation-3.4.4.jar;C:\Users\ggame\.m2\repository\org\apache\tomcat\embed\tomcat-embed-el\10.1.39\tomcat-embed-el-10.1.39.jar;C:\Users\ggame\.m2\repository\org\hibernate\validator\hibernate-validator\8.0.2.Final\hibernate-validator-8.0.2.Final.jar;C:\Users\ggame\.m2\repository\jakarta\validation\jakarta.validation-api\3.0.2\jakarta.validation-api-3.0.2.jar;C:\Users\ggame\.m2\repository\org\springdoc\springdoc-openapi-starter-webmvc-ui\2.5.0\springdoc-openapi-starter-webmvc-ui-2.5.0.jar;C:\Users\ggame\.m2\repository\org\springdoc\springdoc-openapi-starter-webmvc-api\2.5.0\springdoc-openapi-starter-webmvc-api-2.5.0.jar;C:\Users\ggame\.m2\repository\org\springdoc\springdoc-openapi-starter-common\2.5.0\springdoc-openapi-starter-common-2.5.0.jar;C:\Users\ggame\.m2\repository\io\swagger\core\v3\swagger-core-jakarta\2.2.21\swagger-core-jakarta-2.2.21.jar;C:\Users\ggame\.m2\repository\org\apache\commons\commons-lang3\3.17.0\commons-lang3-3.17.0.jar;C:\Users\ggame\.m2\repository\io\swagger\core\v3\swagger-annotations-jakarta\2.2.21\swagger-annotations-jakarta-2.2.21.jar;C:\Users\ggame\.m2\repository\io\swagger\core\v3\swagger-models-jakarta\2.2.21\swagger-models-jakarta-2.2.21.jar;C:\Users\ggame\.m2\repository\com\fasterxml\jackson\dataformat\jackson-dataformat-yaml\2.18.3\jackson-dataformat-yaml-2.18.3.jar;C:\Users\ggame\.m2\repository\org\webjars\swagger-ui\5.13.0\swagger-ui-5.13.0.jar;C:\Users\ggame\.m2\repository\io\jsonwebtoken\jjwt-api\0.11.5\jjwt-api-0.11.5.jar;C:\Users\ggame\.m2\repository\io\jsonwebtoken\jjwt-impl\0.11.5\jjwt-impl-0.11.5.jar;C:\Users\ggame\.m2\repository\io\jsonwebtoken\jjwt-jackson\0.11.5\jjwt-jackson-0.11.5.jar;C:\Users\ggame\.m2\repository\org\jetbrains\annotations\13.0\annotations-13.0.jar;C:\Users\ggame\.m2\repository\org\springframework\boot\spring-boot-starter-security\3.4.4\spring-boot-starter-security-3.4.4.jar;C:\Users\ggame\.m2\repository\org\springframework\spring-aop\6.2.5\spring-aop-6.2.5.jar;C:\Users\ggame\.m2\repository\org\springframework\security\spring-security-config\6.4.4\spring-security-config-6.4.4.jar;C:\Users\ggame\.m2\repository\org\springframework\security\spring-security-web\6.4.4\spring-security-web-6.4.4.jar;C:\Users\ggame\.m2\repository\org\springframework\security\spring-security-core\6.4.4\spring-security-core-6.4.4.jar;C:\Users\ggame\.m2\repository\org\springframework\security\spring-security-crypto\6.4.4\spring-security-crypto-6.4.4.jar;C:\Users\ggame\.m2\repository\org\springframework\boot\spring-boot-starter-actuator\3.4.4\spring-boot-starter-actuator-3.4.4.jar;C:\Users\ggame\.m2\repository\org\springframework\boot\spring-boot-actuator-autoconfigure\3.4.4\spring-boot-actuator-autoconfigure-3.4.4.jar;C:\Users\ggame\.m2\repository\org\springframework\boot\spring-boot-actuator\3.4.4\spring-boot-actuator-3.4.4.jar;C:\Users\ggame\.m2\repository\io\micrometer\micrometer-observation\1.14.5\micrometer-observation-1.14.5.jar;C:\Users\ggame\.m2\repository\io\micrometer\micrometer-commons\1.14.5\micrometer-commons-1.14.5.jar;C:\Users\ggame\.m2\repository\io\micrometer\micrometer-jakarta9\1.14.5\micrometer-jakarta9-1.14.5.jar;C:\Users\ggame\.m2\repository\io\micrometer\micrometer-core\1.14.5\micrometer-core-1.14.5.jar;C:\Users\ggame\.m2\repository\org\hdrhistogram\HdrHistogram\2.2.2\HdrHistogram-2.2.2.jar;C:\Users\ggame\.m2\repository\org\latencyutils\LatencyUtils\2.0.3\LatencyUtils-2.0.3.jar;C:\Users\ggame\.m2\repository\org\springframework\boot\spring-boot-starter-mail\3.4.4\spring-boot-starter-mail-3.4.4.jar;C:\Users\ggame\.m2\repository\org\springframework\spring-context-support\6.2.5\spring-context-support-6.2.5.jar;C:\Users\ggame\.m2\repository\org\eclipse\angus\jakarta.mail\2.0.3\jakarta.mail-2.0.3.jar;C:\Users\ggame\.m2\repository\org\eclipse\angus\angus-activation\2.0.2\angus-activation-2.0.2.jar;C:\Users\ggame\.m2\repository\jakarta\mail\jakarta.mail-api\2.0.0\jakarta.mail-api-2.0.0.jar;C:\Users\ggame\.m2\repository\com\twilio\sdk\twilio\8.10.0\twilio-8.10.0.jar;C:\Users\ggame\.m2\repository\commons-codec\commons-codec\1.17.2\commons-codec-1.17.2.jar;C:\Users\ggame\.m2\repository\commons-io\commons-io\2.7\commons-io-2.7.jar;C:\Users\ggame\.m2\repository\org\apache\httpcomponents\httpclient\4.5.13\httpclient-4.5.13.jar;C:\Users\ggame\.m2\repository\commons-logging\commons-logging\1.2\commons-logging-1.2.jar;C:\Users\ggame\.m2\repository\org\apache\httpcomponents\httpcore\4.4.16\httpcore-4.4.16.jar;C:\Users\ggame\.m2\repository\com\fasterxml\jackson\core\jackson-core\2.18.3\jackson-core-2.18.3.jar;C:\Users\ggame\.m2\repository\com\fasterxml\jackson\core\jackson-annotations\2.18.3\jackson-annotations-2.18.3.jar;C:\Users\ggame\.m2\repository\org\slf4j\slf4j-api\2.0.17\slf4j-api-2.0.17.jar;C:\Users\ggame\.m2\repository\javax\xml\bind\jaxb-api\2.3.1\jaxb-api-2.3.1.jar;C:\Users\ggame\.m2\repository\javax\activation\javax.activation-api\1.2.0\javax.activation-api-1.2.0.jar;C:\Users\ggame\.m2\repository\com\azure\azure-storage-blob\12.25.1\azure-storage-blob-12.25.1.jar;C:\Users\ggame\.m2\repository\com\azure\azure-core\1.45.1\azure-core-1.45.1.jar;C:\Users\ggame\.m2\repository\com\azure\azure-json\1.1.0\azure-json-1.1.0.jar;C:\Users\ggame\.m2\repository\io\projectreactor\reactor-core\3.7.4\reactor-core-3.7.4.jar;C:\Users\ggame\.m2\repository\org\reactivestreams\reactive-streams\1.0.4\reactive-streams-1.0.4.jar;C:\Users\ggame\.m2\repository\com\azure\azure-core-http-netty\1.13.11\azure-core-http-netty-1.13.11.jar;C:\Users\ggame\.m2\repository\io\netty\netty-handler\4.1.119.Final\netty-handler-4.1.119.Final.jar;C:\Users\ggame\.m2\repository\io\netty\netty-resolver\4.1.119.Final\netty-resolver-4.1.119.Final.jar;C:\Users\ggame\.m2\repository\io\netty\netty-handler-proxy\4.1.119.Final\netty-handler-proxy-4.1.119.Final.jar;C:\Users\ggame\.m2\repository\io\netty\netty-codec-socks\4.1.119.Final\netty-codec-socks-4.1.119.Final.jar;C:\Users\ggame\.m2\repository\io\netty\netty-buffer\4.1.119.Final\netty-buffer-4.1.119.Final.jar;C:\Users\ggame\.m2\repository\io\netty\netty-codec\4.1.119.Final\netty-codec-4.1.119.Final.jar;C:\Users\ggame\.m2\repository\io\netty\netty-codec-http\4.1.119.Final\netty-codec-http-4.1.119.Final.jar;C:\Users\ggame\.m2\repository\io\netty\netty-codec-http2\4.1.119.Final\netty-codec-http2-4.1.119.Final.jar;C:\Users\ggame\.m2\repository\io\netty\netty-transport-native-unix-common\4.1.119.Final\netty-transport-native-unix-common-4.1.119.Final.jar;C:\Users\ggame\.m2\repository\io\netty\netty-transport-native-epoll\4.1.119.Final\netty-transport-native-epoll-4.1.119.Final-linux-x86_64.jar;C:\Users\ggame\.m2\repository\io\netty\netty-transport-classes-epoll\4.1.119.Final\netty-transport-classes-epoll-4.1.119.Final.jar;C:\Users\ggame\.m2\repository\io\netty\netty-transport-native-kqueue\4.1.119.Final\netty-transport-native-kqueue-4.1.119.Final-osx-x86_64.jar;C:\Users\ggame\.m2\repository\io\netty\netty-transport-classes-kqueue\4.1.119.Final\netty-transport-classes-kqueue-4.1.119.Final.jar;C:\Users\ggame\.m2\repository\io\netty\netty-tcnative-boringssl-static\2.0.70.Final\netty-tcnative-boringssl-static-2.0.70.Final.jar;C:\Users\ggame\.m2\repository\io\netty\netty-tcnative-classes\2.0.70.Final\netty-tcnative-classes-2.0.70.Final.jar;C:\Users\ggame\.m2\repository\io\netty\netty-tcnative-boringssl-static\2.0.70.Final\netty-tcnative-boringssl-static-2.0.70.Final-linux-x86_64.jar;C:\Users\ggame\.m2\repository\io\netty\netty-tcnative-boringssl-static\2.0.70.Final\netty-tcnative-boringssl-static-2.0.70.Final-linux-aarch_64.jar;C:\Users\ggame\.m2\repository\io\netty\netty-tcnative-boringssl-static\2.0.70.Final\netty-tcnative-boringssl-static-2.0.70.Final-osx-x86_64.jar;C:\Users\ggame\.m2\repository\io\netty\netty-tcnative-boringssl-static\2.0.70.Final\netty-tcnative-boringssl-static-2.0.70.Final-osx-aarch_64.jar;C:\Users\ggame\.m2\repository\io\netty\netty-tcnative-boringssl-static\2.0.70.Final\netty-tcnative-boringssl-static-2.0.70.Final-windows-x86_64.jar;C:\Users\ggame\.m2\repository\io\projectreactor\netty\reactor-netty-http\1.2.4\reactor-netty-http-1.2.4.jar;C:\Users\ggame\.m2\repository\io\netty\netty-resolver-dns\4.1.119.Final\netty-resolver-dns-4.1.119.Final.jar;C:\Users\ggame\.m2\repository\io\netty\netty-codec-dns\4.1.119.Final\netty-codec-dns-4.1.119.Final.jar;C:\Users\ggame\.m2\repository\io\netty\netty-resolver-dns-native-macos\4.1.119.Final\netty-resolver-dns-native-macos-4.1.119.Final-osx-x86_64.jar;C:\Users\ggame\.m2\repository\io\netty\netty-resolver-dns-classes-macos\4.1.119.Final\netty-resolver-dns-classes-macos-4.1.119.Final.jar;C:\Users\ggame\.m2\repository\io\projectreactor\netty\reactor-netty-core\1.2.4\reactor-netty-core-1.2.4.jar;C:\Users\ggame\.m2\repository\io\netty\netty-common\4.1.119.Final\netty-common-4.1.119.Final.jar;C:\Users\ggame\.m2\repository\com\azure\azure-storage-common\12.24.1\azure-storage-common-12.24.1.jar;C:\Users\ggame\.m2\repository\com\azure\azure-storage-internal-avro\12.10.1\azure-storage-internal-avro-12.10.1.jar;C:\Users\ggame\.m2\repository\com\fasterxml\jackson\dataformat\jackson-dataformat-xml\2.18.3\jackson-dataformat-xml-2.18.3.jar;C:\Users\ggame\.m2\repository\org\codehaus\woodstox\stax2-api\4.2.2\stax2-api-4.2.2.jar;C:\Users\ggame\.m2\repository\com\fasterxml\woodstox\woodstox-core\7.0.0\woodstox-core-7.0.0.jar;C:\Users\ggame\.m2\repository\com\mysql\mysql-connector-j\8.0.33\mysql-connector-j-8.0.33.jar;C:\Users\ggame\.m2\repository\org\springframework\boot\spring-boot-starter-cache\3.4.4\spring-boot-starter-cache-3.4.4.jar;C:\Users\ggame\.m2\repository\org\springframework\boot\spring-boot-starter-data-redis\3.4.4\spring-boot-starter-data-redis-3.4.4.jar;C:\Users\ggame\.m2\repository\io\lettuce\lettuce-core\6.4.2.RELEASE\lettuce-core-6.4.2.RELEASE.jar;C:\Users\ggame\.m2\repository\io\netty\netty-transport\4.1.119.Final\netty-transport-4.1.119.Final.jar;C:\Users\ggame\.m2\repository\org\springframework\data\spring-data-redis\3.4.4\spring-data-redis-3.4.4.jar;C:\Users\ggame\.m2\repository\org\springframework\data\spring-data-keyvalue\3.4.4\spring-data-keyvalue-3.4.4.jar;C:\Users\ggame\.m2\repository\org\springframework\spring-oxm\6.2.5\spring-oxm-6.2.5.jar;C:\Users\ggame\.m2\repository\com\fasterxml\jackson\datatype\jackson-datatype-jsr310\2.18.3\jackson-datatype-jsr310-2.18.3.jar
Launcher Type: SUN_STANDARD

[Global flags]
     intx CICompilerCount                          = 4                                         {product} {ergonomic}
     uint ConcGCThreads                            = 2                                         {product} {ergonomic}
     uint G1ConcRefinementThreads                  = 8                                         {product} {ergonomic}
   size_t G1HeapRegionSize                         = 1048576                                   {product} {ergonomic}
    uintx GCDrainStackTargetSize                   = 64                                        {product} {ergonomic}
   size_t InitialHeapSize                          = 100663296                                 {product} {ergonomic}
   size_t MarkStackSize                            = 4194304                                   {product} {ergonomic}
   size_t MaxHeapSize                              = 1581252608                                {product} {ergonomic}
   size_t MaxNewSize                               = 947912704                                 {product} {ergonomic}
   size_t MinHeapDeltaBytes                        = 1048576                                   {product} {ergonomic}
   size_t MinHeapSize                              = 8388608                                   {product} {ergonomic}
    uintx NonNMethodCodeHeapSize                   = 5839372                                {pd product} {ergonomic}
    uintx NonProfiledCodeHeapSize                  = 122909434                              {pd product} {ergonomic}
    uintx ProfiledCodeHeapSize                     = 122909434                              {pd product} {ergonomic}
    uintx ReservedCodeCacheSize                    = 251658240                              {pd product} {ergonomic}
     bool SegmentedCodeCache                       = true                                      {product} {ergonomic}
   size_t SoftMaxHeapSize                          = 1581252608                             {manageable} {ergonomic}
     bool UseCompressedOops                        = true                           {product lp64_product} {ergonomic}
     bool UseG1GC                                  = true                                      {product} {ergonomic}
     bool UseLargePagesIndividualAllocation        = false                                  {pd product} {ergonomic}

Logging:
Log output configuration:
 #0: stdout all=warning uptime,level,tags foldmultilines=false
 #1: stderr all=off uptime,level,tags foldmultilines=false

Environment Variables:
JAVA_HOME=C:\Program Files\Java\jdk-21
PATH=C:\Program Files\Common Files\Oracle\Java\javapath;C:\Program Files (x86)\Common Files\Oracle\Java\java8path;C:\Program Files (x86)\Common Files\Oracle\Java\javapath;C:\WINDOWS\system32;C:\WINDOWS;C:\WINDOWS\System32\Wbem;C:\WINDOWS\System32\WindowsPowerShell\v1.0\;C:\WINDOWS\System32\OpenSSH\;C:\Program Files\dotnet\;C:\Program Files\Git\cmd;%JAVA_HOME%\bin\bin\bin;C:\Users\ggame\AppData\Local\nvm;C:\nvm4w\nodejs;C:\Program Files\Docker\Docker\resources\bin;C:\Program Files\Terraform;C:\Program Files\Amazon\AWSCLIV2\;C:\Program Files\nodejs\;C:\Users\ggame\AppData\Local\Programs\Python\Python314\Scripts\;C:\Users\ggame\AppData\Local\Programs\Python\Python314\;C:\Users\ggame\AppData\Local\Microsoft\WindowsApps;C:\Users\ggame\AppData\Local\Programs\Microsoft VS Code\bin;C:\Users\ggame\AppData\Local\JetBrains\Toolbox\scripts;C:\Users\ggame\AppData\Local\nvm;C:\nvm4w\nodejs;C:\Users\ggame\apache-maven-3.9.9-bin\apache-maven-3.9.9\bin;;C:\Users\ggame\AppData\Local\Microsoft\WindowsApps;C:\Users\ggame\AppData\Roaming\npm
USERNAME=ggame
OS=Windows_NT
PROCESSOR_IDENTIFIER=AMD64 Family 23 Model 24 Stepping 1, AuthenticAMD
TMP=C:\Users\ggame\AppData\Local\Temp
TEMP=C:\Users\ggame\AppData\Local\Temp




Periodic native trim disabled

---------------  S Y S T E M  ---------------

OS:
 Windows 11 , 64 bit Build 26100 (10.0.26100.4768)
OS uptime: 8 days 18:58 hours
Hyper-V role detected

CPU: total 8 (initial active 8) (8 cores per cpu, 2 threads per core) family 23 model 24 stepping 1 microcode 0x810810d, cx8, cmov, fxsr, ht, mmx, 3dnowpref, sse, sse2, sse3, ssse3, sse4a, sse4.1, sse4.2, popcnt, lzcnt, tsc, tscinvbit, avx, avx2, aes, clmul, bmi1, bmi2, adx, sha, fma, vzeroupper, clflush, clflushopt, hv, rdtscp, f16c
Processor Information for all 8 processors :
  Max Mhz: 2300, Current Mhz: 2300, Mhz Limit: 2300

Memory: 4k page, system-wide physical 6030M (623M free)
TotalPageFile size 30606M (AvailPageFile size 7M)
current process WorkingSet (physical memory assigned to process): 116M, peak: 152M
current process commit charge ("private bytes"): 245M, peak: 248M

vm_info: OpenJDK 64-Bit Server VM (21.0.5+11-LTS) for windows-amd64 JRE (21.0.5+11-LTS), built on 2024-10-11T20:58:34Z by "Administrator" with MS VC++ 16.10 / 16.11 (VS2019)

END.
